Program Header : 
  Type           Offset             VirtAddr           PhysAddr
                 FileSiz            MemSiz             Flag  Align
  PHDR           0x0000000000000034 0x0000000000000034 0x0000000000000034
                 0x0000000000000120 0x0000000000000120  R   0x4               
  INTERP         0x0000000000000154 0x0000000000000154 0x0000000000000154
                 0x0000000000000013 0x0000000000000013  R   0x1               
  LOAD           0x0000000000000000 0x0000000000000000 0x0000000000000000
                 0x000000000001cde0 0x000000000001cde0  R E 0x1000            
  LOAD           0x000000000001dd58 0x000000000001ed58 0x000000000001ed58
                 0x00000000000004e0 0x0000000000000570  RW  0x1000            
  DYNAMIC        0x000000000001de6c 0x000000000001ee6c 0x000000000001ee6c
                 0x0000000000000128 0x0000000000000128  RW  0x4               
  NOTE           0x0000000000000168 0x0000000000000168 0x0000000000000168
                 0x0000000000000044 0x0000000000000044  R   0x4               
  GNU_EH_FRAME   0x000000000001a214 0x000000000001a214 0x000000000001a214
                 0x0000000000000574 0x0000000000000574  R   0x4               
  GNU_STACK      0x0000000000000000 0x0000000000000000 0x0000000000000000
                 0x0000000000000000 0x0000000000000000  RW  0x10              
  GNU_RELRO      0x000000000001dd58 0x000000000001ed58 0x000000000001ed58
                 0x00000000000002a8 0x00000000000002a8  R   0x1               

