Section Header : 
[Nr] Name               Type               Address            Offset
     Size               EntSize            Flags  Link  Info  Align
[ 0]                    NULL               0x0000000000000000 0x00000000
     0x0000000000000000 0x0000000000000000          0     0     0
[ 1] .interp            PROGBITS           0x0000000000000154 0x00000154
     0x0000000000000013 0x0000000000000000   A      0     0     1
[ 2] .note.gnu.build-id NOTE               0x0000000000000168 0x00000168
     0x0000000000000024 0x0000000000000000   A      0     0     4
[ 3] .note.ABI-tag      NOTE               0x000000000000018c 0x0000018c
     0x0000000000000020 0x0000000000000000   A      0     0     4
[ 4] .hash              HASH               0x00000000000001ac 0x000001ac
     0x00000000000009b4 0x0000000000000004   A      6     0     4
[ 5] .gnu.hash          GNU_HASH           0x0000000000000b60 0x00000b60
     0x0000000000000588 0x0000000000000004   A      6     0     4
[ 6] .dynsym            DYNSYM             0x00000000000010e8 0x000010e8
     0x0000000000001640 0x0000000000000010   A      7     1     4
[ 7] .dynstr            STRTAB             0x0000000000002728 0x00002728
     0x0000000000003a7c 0x0000000000000000   A      0     0     1
[ 8] .gnu.version       VERSYM             0x00000000000061a4 0x000061a4
     0x00000000000002c8 0x0000000000000002   A      6     0     2
[ 9] .gnu.version_r     VERNEED            0x000000000000646c 0x0000646c
     0x0000000000000100 0x0000000000000000   A      7     3     4
[10] .rel.dyn           REL                0x000000000000656c 0x0000656c
     0x00000000000002d0 0x0000000000000008   A      6     0     4
[11] .rel.plt           REL                0x000000000000683c 0x0000683c
     0x0000000000000438 0x0000000000000008  AI      6    1a     4
[12] .init              PROGBITS           0x0000000000006c74 0x00006c74
     0x0000000000000020 0x0000000000000000  AX      0     0     4
[13] .plt               PROGBITS           0x0000000000006ca0 0x00006ca0
     0x0000000000000880 0x0000000000000004  AX      0     0    10
[14] .plt.got           PROGBITS           0x0000000000007520 0x00007520
     0x0000000000000008 0x0000000000000008  AX      0     0     8
[15] .text              PROGBITS           0x0000000000007530 0x00007530
     0x00000000000123f4 0x0000000000000000  AX      0     0    10
[16] .fini              PROGBITS           0x0000000000019924 0x00019924
     0x0000000000000014 0x0000000000000000  AX      0     0     4
[17] .rodata            PROGBITS           0x0000000000019940 0x00019940
     0x00000000000008d3 0x0000000000000000   A      0     0    20
[18] .eh_frame_hdr      PROGBITS           0x000000000001a214 0x0001a214
     0x0000000000000574 0x0000000000000000   A      0     0     4
[19] .eh_frame          PROGBITS           0x000000000001a788 0x0001a788
     0x0000000000001c58 0x0000000000000000   A      0     0     4
[20] .gcc_except_table  PROGBITS           0x000000000001c3e0 0x0001c3e0
     0x0000000000000a00 0x0000000000000000   A      0     0     4
[21] .init_array        INIT_ARRAY         0x000000000001ed58 0x0001dd58
     0x0000000000000018 0x0000000000000004  WA      0     0     4
[22] .fini_array        FINI_ARRAY         0x000000000001ed70 0x0001dd70
     0x0000000000000004 0x0000000000000004  WA      0     0     4
[23] .data.rel.ro       PROGBITS           0x000000000001ed74 0x0001dd74
     0x00000000000000f8 0x0000000000000000  WA      0     0     4
[24] .dynamic           DYNAMIC            0x000000000001ee6c 0x0001de6c
     0x0000000000000128 0x0000000000000008  WA      7     0     4
[25] .got               PROGBITS           0x000000000001ef94 0x0001df94
     0x000000000000006c 0x0000000000000004  WA      0     0     4
[26] .got.plt           PROGBITS           0x000000000001f000 0x0001e000
     0x0000000000000228 0x0000000000000004  WA      0     0     4
[27] .data              PROGBITS           0x000000000001f228 0x0001e228
     0x0000000000000010 0x0000000000000000  WA      0     0     4
[28] .bss               NOBITS             0x000000000001f238 0x0001e238
     0x0000000000000090 0x0000000000000000  WA      0     0     8
[29] .comment           PROGBITS           0x0000000000000000 0x0001e238
     0x0000000000000057 0x0000000000000001  MS      0     0     1
[30] .GCC.command.line  PROGBITS           0x0000000000000000 0x0001e28f
     0x00000000000014cd 0x0000000000000001  MS      0     0     1
[31] .debug_aranges     PROGBITS           0x0000000000000000 0x0001f760
     0x00000000000005c8 0x0000000000000000          0     0     8
[32] .debug_info        PROGBITS           0x0000000000000000 0x0001fd28
     0x00000000001000ee 0x0000000000000000          0     0     1
[33] .debug_abbrev      PROGBITS           0x0000000000000000 0x0011fe16
     0x0000000000009197 0x0000000000000000          0     0     1
[34] .debug_line        PROGBITS           0x0000000000000000 0x00128fad
     0x00000000000251ee 0x0000000000000000          0     0     1
[35] .debug_str         PROGBITS           0x0000000000000000 0x0014e19b
     0x000000000004f79e 0x0000000000000001  MS      0     0     1
[36] .debug_loc         PROGBITS           0x0000000000000000 0x0019d939
     0x0000000000079343 0x0000000000000000          0     0     1
[37] .debug_ranges      PROGBITS           0x0000000000000000 0x00216c80
     0x0000000000015b10 0x0000000000000000          0     0     8
[38] .symtab            SYMTAB             0x0000000000000000 0x0022c790
     0x0000000000002080 0x0000000000000010         27    a5     4
[39] .strtab            STRTAB             0x0000000000000000 0x0022e810
     0x0000000000004a35 0x0000000000000000          0     0     1
[40] .shstrtab          STRTAB             0x0000000000000000 0x00233245
     0x000000000000018f 0x0000000000000000          0     0     1

