.interp
.note.gnu.build-id
.note.ABI-tag
.gnu.hash
.dynsym
.dynstr
.gnu.version
.gnu.version_r
.rel.dyn
.rel.plt
.init
.plt
.text
.fini
.rodata
.ARM.extab
.ARM.exidx
.eh_frame
.init_array
.fini_array
.dynamic
.got
.data
.bss
.gnu_debuglink
.shstrtab

