Section Header : 
[Nr] Name               Type               Address            Offset
     Size               EntSize            Flags  Link  Info  Align
[ 0]                    NULL               0x0000000000000000 0x00000000
     0x0000000000000000 0x0000000000000000          0     0     0
[ 1] .interp            PROGBITS           0x0000000000000154 0x00000154
     0x0000000000000013 0x0000000000000000   A      0     0     1
[ 2] .note.gnu.build-id NOTE               0x0000000000000168 0x00000168
     0x0000000000000024 0x0000000000000000   A      0     0     4
[ 3] .note.ABI-tag      NOTE               0x000000000000018c 0x0000018c
     0x0000000000000020 0x0000000000000000   A      0     0     4
[ 4] .gnu.hash          GNU_HASH           0x00000000000001ac 0x000001ac
     0x00000000000006a8 0x0000000000000004   A      5     0     4
[ 5] .dynsym            DYNSYM             0x0000000000000854 0x00000854
     0x0000000000001270 0x0000000000000010   A      6     3     4
[ 6] .dynstr            STRTAB             0x0000000000001ac4 0x00001ac4
     0x0000000000002bc7 0x0000000000000000   A      0     0     1
[ 7] .gnu.version       VERSYM             0x000000000000468c 0x0000468c
     0x000000000000024e 0x0000000000000002   A      5     0     2
[ 8] .gnu.version_r     VERNEED            0x00000000000048dc 0x000048dc
     0x0000000000000100 0x0000000000000000   A      6     4     4
[ 9] .rel.dyn           REL                0x00000000000049dc 0x000049dc
     0x0000000000000140 0x0000000000000008   A      5     0     4
[10] .rel.plt           REL                0x0000000000004b1c 0x00004b1c
     0x0000000000000408 0x0000000000000008  AI      5    16     4
[11] .init              PROGBITS           0x0000000000004f24 0x00004f24
     0x000000000000000c 0x0000000000000000  AX      0     0     4
[12] .plt               PROGBITS           0x0000000000004f30 0x00004f30
     0x0000000000000638 0x0000000000000004  AX      0     0     4
[13] .text              PROGBITS           0x0000000000005568 0x00005568
     0x0000000000009620 0x0000000000000000  AX      0     0     4
[14] .fini              PROGBITS           0x000000000000eb88 0x0000eb88
     0x0000000000000008 0x0000000000000000  AX      0     0     4
[15] .rodata            PROGBITS           0x000000000000eb90 0x0000eb90
     0x00000000000007f7 0x0000000000000000   A      0     0     4
[16] .ARM.extab         PROGBITS           0x000000000000f388 0x0000f388
     0x0000000000000b62 0x0000000000000000   A      0     0     4
[17] .ARM.exidx         ARM_EXIDX          0x000000000000feec 0x0000feec
     0x0000000000000300 0x0000000000000000  AL      d     0     4
[18] .eh_frame          PROGBITS           0x00000000000101ec 0x000101ec
     0x0000000000000004 0x0000000000000000   A      0     0     4
[19] .init_array        INIT_ARRAY         0x0000000000020ebc 0x00010ebc
     0x0000000000000018 0x0000000000000004  WA      0     0     4
[20] .fini_array        FINI_ARRAY         0x0000000000020ed4 0x00010ed4
     0x0000000000000004 0x0000000000000004  WA      0     0     4
[21] .dynamic           DYNAMIC            0x0000000000020ed8 0x00010ed8
     0x0000000000000128 0x0000000000000008  WA      6     0     4
[22] .got               PROGBITS           0x0000000000021000 0x00011000
     0x0000000000000290 0x0000000000000004  WA      0     0     4
[23] .data              PROGBITS           0x0000000000021290 0x00011290
     0x0000000000000008 0x0000000000000000  WA      0     0     4
[24] .bss               NOBITS             0x0000000000021298 0x00011298
     0x0000000000000040 0x0000000000000000  WA      0     0     4
[25] .gnu_debuglink     PROGBITS           0x0000000000000000 0x00011298
     0x0000000000000014 0x0000000000000000          0     0     4
[26] .shstrtab          STRTAB             0x0000000000000000 0x000112ac
     0x00000000000000f6 0x0000000000000000          0     0     1

