Program Header : 
  Type           Offset             VirtAddr           PhysAddr
                 FileSiz            MemSiz             Flag  Align
  EXIDX          0x000000000000feec 0x000000000000feec 0x000000000000feec
                 0x0000000000000300 0x0000000000000300  R   0x4               
  PHDR           0x0000000000000034 0x0000000000000034 0x0000000000000034
                 0x0000000000000120 0x0000000000000120  R   0x4               
  INTERP         0x0000000000000154 0x0000000000000154 0x0000000000000154
                 0x0000000000000013 0x0000000000000013  R   0x1               
  LOAD           0x0000000000000000 0x0000000000000000 0x0000000000000000
                 0x00000000000101f0 0x00000000000101f0  R E 0x10000           
  LOAD           0x0000000000010ebc 0x0000000000020ebc 0x0000000000020ebc
                 0x00000000000003dc 0x000000000000041c  RW  0x10000           
  DYNAMIC        0x0000000000010ed8 0x0000000000020ed8 0x0000000000020ed8
                 0x0000000000000128 0x0000000000000128  RW  0x4               
  NOTE           0x0000000000000168 0x0000000000000168 0x0000000000000168
                 0x0000000000000044 0x0000000000000044  R   0x4               
  GNU_STACK      0x0000000000000000 0x0000000000000000 0x0000000000000000
                 0x0000000000000000 0x0000000000000000  RW  0x10              
  GNU_RELRO      0x0000000000010ebc 0x0000000000020ebc 0x0000000000020ebc
                 0x0000000000000144 0x0000000000000144  R   0x1               

