.interp
.note.gnu.build-id
.note.ABI-tag
.hash
.gnu.hash
.dynsym
.dynstr
.gnu.version
.gnu.version_r
.rela.dyn
.rela.plt
.init
.plt
.plt.got
.text
.fini
.rodata
.eh_frame_hdr
.eh_frame
.gcc_except_table
.init_array
.fini_array
.data.rel.ro
.dynamic
.got
.got.plt
.data
.bss
.comment
.GCC.command.line
.debug_aranges
.debug_info
.debug_abbrev
.debug_line
.debug_str
.debug_loc
.debug_ranges
.symtab
.strtab
.shstrtab

