Program Header : 
  Type           Offset             VirtAddr           PhysAddr
                 FileSiz            MemSiz             Flag  Align
  PHDR           0x0000000000000040 0x0000000000000040 0x0000000000000040
                 0x0000000000000268 0x0000000000000268  R   0x8               
  INTERP         0x00000000000002a8 0x00000000000002a8 0x00000000000002a8
                 0x000000000000001c 0x000000000000001c  R   0x1               
  LOAD           0x0000000000000000 0x0000000000000000 0x0000000000000000
                 0x0000000000008a48 0x0000000000008a48  R   0x1000            
  LOAD           0x0000000000009000 0x0000000000009000 0x0000000000009000
                 0x000000000001063d 0x000000000001063d  R E 0x1000            
  LOAD           0x000000000001a000 0x000000000001a000 0x000000000001a000
                 0x0000000000003165 0x0000000000003165  R   0x1000            
  LOAD           0x000000000001d7a8 0x000000000001e7a8 0x000000000001e7a8
                 0x0000000000000cb8 0x0000000000001050  RW  0x1000            
  DYNAMIC        0x000000000001dd58 0x000000000001ed58 0x000000000001ed58
                 0x0000000000000250 0x0000000000000250  RW  0x8               
  NOTE           0x00000000000002c4 0x00000000000002c4 0x00000000000002c4
                 0x0000000000000044 0x0000000000000044  R   0x4               
  GNU_EH_FRAME   0x000000000001a8a8 0x000000000001a8a8 0x000000000001a8a8
                 0x0000000000000564 0x0000000000000564  R   0x4               
  GNU_STACK      0x0000000000000000 0x0000000000000000 0x0000000000000000
                 0x0000000000000000 0x0000000000000000  RW  0x10              
  GNU_RELRO      0x000000000001d7a8 0x000000000001e7a8 0x000000000001e7a8
                 0x0000000000000858 0x0000000000000858  R   0x1               

