Section Header : 
[Nr] Name               Type               Address            Offset
     Size               EntSize            Flags  Link  Info  Align
[ 0]                    NULL               0x0000000000000000 0x00000000
     0x0000000000000000 0x0000000000000000          0     0     0
[ 1] .interp            PROGBITS           0x00000000000002a8 0x000002a8
     0x000000000000001c 0x0000000000000000   A      0     0     1
[ 2] .note.gnu.build-id NOTE               0x00000000000002c4 0x000002c4
     0x0000000000000024 0x0000000000000000   A      0     0     4
[ 3] .note.ABI-tag      NOTE               0x00000000000002e8 0x000002e8
     0x0000000000000020 0x0000000000000000   A      0     0     4
[ 4] .hash              HASH               0x0000000000000308 0x00000308
     0x00000000000009b8 0x0000000000000004   A      6     0     8
[ 5] .gnu.hash          GNU_HASH           0x0000000000000cc0 0x00000cc0
     0x000000000000075c 0x0000000000000000   A      6     0     8
[ 6] .dynsym            DYNSYM             0x0000000000001420 0x00001420
     0x0000000000002178 0x0000000000000018   A      7     1     8
[ 7] .dynstr            STRTAB             0x0000000000003598 0x00003598
     0x0000000000003bfc 0x0000000000000000   A      0     0     1
[ 8] .gnu.version       VERSYM             0x0000000000007194 0x00007194
     0x00000000000002ca 0x0000000000000002   A      6     0     2
[ 9] .gnu.version_r     VERNEED            0x0000000000007460 0x00007460
     0x0000000000000100 0x0000000000000000   A      7     3     8
[10] .rela.dyn          RELA               0x0000000000007560 0x00007560
     0x0000000000000870 0x0000000000000018   A      6     0     8
[11] .rela.plt          RELA               0x0000000000007dd0 0x00007dd0
     0x0000000000000c78 0x0000000000000018  AI      6    1a     8
[12] .init              PROGBITS           0x0000000000009000 0x00009000
     0x0000000000000017 0x0000000000000000  AX      0     0     4
[13] .plt               PROGBITS           0x0000000000009020 0x00009020
     0x0000000000000860 0x0000000000000010  AX      0     0    10
[14] .plt.got           PROGBITS           0x0000000000009880 0x00009880
     0x0000000000000008 0x0000000000000008  AX      0     0     8
[15] .text              PROGBITS           0x0000000000009890 0x00009890
     0x000000000000fda1 0x0000000000000000  AX      0     0    10
[16] .fini              PROGBITS           0x0000000000019634 0x00019634
     0x0000000000000009 0x0000000000000000  AX      0     0     4
[17] .rodata            PROGBITS           0x000000000001a000 0x0001a000
     0x00000000000008a7 0x0000000000000000   A      0     0    20
[18] .eh_frame_hdr      PROGBITS           0x000000000001a8a8 0x0001a8a8
     0x0000000000000564 0x0000000000000000   A      0     0     4
[19] .eh_frame          PROGBITS           0x000000000001ae10 0x0001ae10
     0x0000000000001948 0x0000000000000000   A      0     0     8
[20] .gcc_except_table  PROGBITS           0x000000000001c758 0x0001c758
     0x0000000000000a0d 0x0000000000000000   A      0     0     4
[21] .init_array        INIT_ARRAY         0x000000000001e7a8 0x0001d7a8
     0x0000000000000030 0x0000000000000008  WA      0     0     8
[22] .fini_array        FINI_ARRAY         0x000000000001e7d8 0x0001d7d8
     0x0000000000000008 0x0000000000000008  WA      0     0     8
[23] .data.rel.ro       PROGBITS           0x000000000001e7e0 0x0001d7e0
     0x0000000000000578 0x0000000000000000  WA      0     0    20
[24] .dynamic           DYNAMIC            0x000000000001ed58 0x0001dd58
     0x0000000000000250 0x0000000000000010  WA      7     0     8
[25] .got               PROGBITS           0x000000000001efa8 0x0001dfa8
     0x0000000000000058 0x0000000000000008  WA      0     0     8
[26] .got.plt           PROGBITS           0x000000000001f000 0x0001e000
     0x0000000000000440 0x0000000000000008  WA      0     0     8
[27] .data              PROGBITS           0x000000000001f440 0x0001e440
     0x0000000000000020 0x0000000000000000  WA      0     0     8
[28] .bss               NOBITS             0x000000000001f460 0x0001e460
     0x0000000000000398 0x0000000000000000  WA      0     0    20
[29] .comment           PROGBITS           0x0000000000000000 0x0001e460
     0x0000000000000057 0x0000000000000001  MS      0     0     1
[30] .GCC.command.line  PROGBITS           0x0000000000000000 0x0001e4b7
     0x0000000000001347 0x0000000000000001  MS      0     0     1
[31] .debug_aranges     PROGBITS           0x0000000000000000 0x0001f800
     0x0000000000000af0 0x0000000000000000          0     0    10
[32] .debug_info        PROGBITS           0x0000000000000000 0x000202f0
     0x0000000000116c52 0x0000000000000000          0     0     1
[33] .debug_abbrev      PROGBITS           0x0000000000000000 0x00136f42
     0x000000000000931e 0x0000000000000000          0     0     1
[34] .debug_line        PROGBITS           0x0000000000000000 0x00140260
     0x0000000000024570 0x0000000000000000          0     0     1
[35] .debug_str         PROGBITS           0x0000000000000000 0x001647d0
     0x000000000004f8af 0x0000000000000001  MS      0     0     1
[36] .debug_loc         PROGBITS           0x0000000000000000 0x001b407f
     0x00000000000c4afb 0x0000000000000000          0     0     1
[37] .debug_ranges      PROGBITS           0x0000000000000000 0x00278b80
     0x0000000000029c50 0x0000000000000000          0     0    10
[38] .symtab            SYMTAB             0x0000000000000000 0x002a27d0
     0x0000000000002c40 0x0000000000000018         27    74     8
[39] .strtab            STRTAB             0x0000000000000000 0x002a5410
     0x0000000000004a29 0x0000000000000000          0     0     1
[40] .shstrtab          STRTAB             0x0000000000000000 0x002a9e39
     0x0000000000000191 0x0000000000000000          0     0     1

