Section Header : 
[Nr] Name               Type               Address            Offset
     Size               EntSize            Flags  Link  Info  Align
[ 0]                    NULL               0x0000000000000000 0x00000000
     0x0000000000000000 0x0000000000000000          0     0     0
[ 1] .interp            PROGBITS           0x0000000000400238 0x00000238
     0x000000000000001c 0x0000000000000000   A      0     0     1
[ 2] .note.ABI-tag      NOTE               0x0000000000400254 0x00000254
     0x0000000000000020 0x0000000000000000   A      0     0     4
[ 3] .note.gnu.build-id NOTE               0x0000000000400274 0x00000274
     0x0000000000000024 0x0000000000000000   A      0     0     4
[ 4] .gnu.hash          GNU_HASH           0x0000000000400298 0x00000298
     0x0000000000001858 0x0000000000000000   A      5     0     8
[ 5] .dynsym            DYNSYM             0x0000000000401af0 0x00001af0
     0x00000000000056e8 0x0000000000000018   A      6     1     8
[ 6] .dynstr            STRTAB             0x00000000004071d8 0x000071d8
     0x000000000001093e 0x0000000000000000   A      0     0     1
[ 7] .gnu.version       VERSYM             0x0000000000417b16 0x00017b16
     0x000000000000073e 0x0000000000000002   A      5     0     2
[ 8] .gnu.version_r     VERNEED            0x0000000000418258 0x00018258
     0x0000000000000120 0x0000000000000000   A      6     6     8
[ 9] .rela.dyn          RELA               0x0000000000418378 0x00018378
     0x00000000000001c8 0x0000000000000018   A      5     0     8
[10] .rela.plt          RELA               0x0000000000418540 0x00018540
     0x0000000000000cd8 0x0000000000000018  AI      5    1a     8
[11] .init              PROGBITS           0x0000000000419218 0x00019218
     0x000000000000001a 0x0000000000000000  AX      0     0     4
[12] .plt               PROGBITS           0x0000000000419240 0x00019240
     0x00000000000008a0 0x0000000000000010  AX      0     0    10
[13] .plt.got           PROGBITS           0x0000000000419ae0 0x00019ae0
     0x0000000000000010 0x0000000000000000  AX      0     0     8
[14] .text              PROGBITS           0x0000000000419af0 0x00019af0
     0x000000000000d8af 0x0000000000000000  AX      0     0    10
[15] .fini              PROGBITS           0x00000000004273a0 0x000273a0
     0x0000000000000009 0x0000000000000000  AX      0     0     4
[16] .rodata            PROGBITS           0x00000000004273c0 0x000273c0
     0x0000000000000827 0x0000000000000000   A      0     0    20
[17] .eh_frame_hdr      PROGBITS           0x0000000000427be8 0x00027be8
     0x00000000000011cc 0x0000000000000000   A      0     0     4
[18] .eh_frame          PROGBITS           0x0000000000428db8 0x00028db8
     0x0000000000004b14 0x0000000000000000   A      0     0     8
[19] .gcc_except_table  PROGBITS           0x000000000042d8cc 0x0002d8cc
     0x00000000000008d0 0x0000000000000000   A      0     0     4
[20] .init_array        INIT_ARRAY         0x000000000062ec78 0x0002ec78
     0x0000000000000028 0x0000000000000000  WA      0     0     8
[21] .fini_array        FINI_ARRAY         0x000000000062eca0 0x0002eca0
     0x0000000000000008 0x0000000000000000  WA      0     0     8
[22] .jcr               PROGBITS           0x000000000062eca8 0x0002eca8
     0x0000000000000008 0x0000000000000000  WA      0     0     8
[23] .data.rel.ro       PROGBITS           0x000000000062ecb0 0x0002ecb0
     0x00000000000000e8 0x0000000000000000  WA      0     0     8
[24] .dynamic           DYNAMIC            0x000000000062ed98 0x0002ed98
     0x0000000000000240 0x0000000000000010  WA      6     0     8
[25] .got               PROGBITS           0x000000000062efd8 0x0002efd8
     0x0000000000000028 0x0000000000000008  WA      0     0     8
[26] .got.plt           PROGBITS           0x000000000062f000 0x0002f000
     0x0000000000000460 0x0000000000000008  WA      0     0     8
[27] .data              PROGBITS           0x000000000062f460 0x0002f460
     0x0000000000000020 0x0000000000000000  WA      0     0     8
[28] .bss               NOBITS             0x000000000062f480 0x0002f480
     0x0000000000000238 0x0000000000000000  WA      0     0    20
[29] .comment           PROGBITS           0x0000000000000000 0x0002f480
     0x0000000000000035 0x0000000000000001  MS      0     0     1
[30] .debug_aranges     PROGBITS           0x0000000000000000 0x0002f4b5
     0x0000000000002870 0x0000000000000000          0     0     1
[31] .debug_info        PROGBITS           0x0000000000000000 0x00031d25
     0x000000000004e246 0x0000000000000000          0     0     1
[32] .debug_abbrev      PROGBITS           0x0000000000000000 0x0007ff6b
     0x0000000000003e80 0x0000000000000000          0     0     1
[33] .debug_line        PROGBITS           0x0000000000000000 0x00083deb
     0x00000000000080d7 0x0000000000000000          0     0     1
[34] .debug_str         PROGBITS           0x0000000000000000 0x0008bec2
     0x0000000000034090 0x0000000000000001  MS      0     0     1
[35] .debug_ranges      PROGBITS           0x0000000000000000 0x000bff52
     0x0000000000002b20 0x0000000000000000          0     0     1
[36] .shstrtab          STRTAB             0x0000000000000000 0x000da1e5
     0x0000000000000179 0x0000000000000000          0     0     1
[37] .symtab            SYMTAB             0x0000000000000000 0x000c2a78
     0x0000000000006180 0x0000000000000018         26    72     8
[38] .strtab            STRTAB             0x0000000000000000 0x000c8bf8
     0x00000000000115ed 0x0000000000000000          0     0     1

