File: elftest
Class: ELF64
Data : 2's complement, big endian
Version : current
OS/ABI : UNIX - System V
ABI Version : 0
Type : EXEC (Executable file)
Machine : Advanced Micro Devices X86-64
Entry point address : 0x419af0
Start of program header : 0x40
Start of section header : 0xda360
Flags : 0x0
Size of this headers : 64 (Byte)
Size of program headers : 56 (Byte)
Number of program headers : 9
Size of section headers : 64 (Byte)
Number of section headers : 39
Section header string table index : 36

