Program Header : 
  Type           Offset             VirtAddr           PhysAddr
                 FileSiz            MemSiz             Flag  Align
  PHDR           0x0000000000000040 0x0000000000400040 0x0000000000400040
                 0x00000000000001f8 0x00000000000001f8  R E 0x8               
  INTERP         0x0000000000000238 0x0000000000400238 0x0000000000400238
                 0x000000000000001c 0x000000000000001c  R   0x1               
  LOAD           0x0000000000000000 0x0000000000400000 0x0000000000400000
                 0x000000000002e19c 0x000000000002e19c  R E 0x200000          
  LOAD           0x000000000002ec78 0x000000000062ec78 0x000000000062ec78
                 0x0000000000000808 0x0000000000000a40  RW  0x200000          
  DYNAMIC        0x000000000002ed98 0x000000000062ed98 0x000000000062ed98
                 0x0000000000000240 0x0000000000000240  RW  0x8               
  NOTE           0x0000000000000254 0x0000000000400254 0x0000000000400254
                 0x0000000000000044 0x0000000000000044  R   0x4               
  GNU_EH_FRAME   0x0000000000027be8 0x0000000000427be8 0x0000000000427be8
                 0x00000000000011cc 0x00000000000011cc  R   0x4               
  GNU_STACK      0x0000000000000000 0x0000000000000000 0x0000000000000000
                 0x0000000000000000 0x0000000000000000  RW  0x10              
  GNU_RELRO      0x000000000002ec78 0x000000000062ec78 0x000000000062ec78
                 0x0000000000000388 0x0000000000000388  R   0x1               

