Program Header : 
  Type           Offset             VirtAddr           PhysAddr
                 FileSiz            MemSiz             Flag  Align
  PHDR           0x0000000000000040 0x0000000000000040 0x0000000000000040
                 0x00000000000001f8 0x00000000000001f8  R   0x8               
  INTERP         0x0000000000000238 0x0000000000000238 0x0000000000000238
                 0x000000000000001b 0x000000000000001b  R   0x1               
  LOAD           0x0000000000000000 0x0000000000000000 0x0000000000000000
                 0x000000000001affe 0x000000000001affe  R E 0x10000           
  LOAD           0x000000000001ba78 0x000000000002ba78 0x000000000002ba78
                 0x0000000000000a08 0x0000000000000b20  RW  0x10000           
  DYNAMIC        0x000000000001bc90 0x000000000002bc90 0x000000000002bc90
                 0x0000000000000260 0x0000000000000260  RW  0x8               
  NOTE           0x0000000000000254 0x0000000000000254 0x0000000000000254
                 0x0000000000000044 0x0000000000000044  R   0x4               
  GNU_EH_FRAME   0x0000000000018208 0x0000000000018208 0x0000000000018208
                 0x0000000000000484 0x0000000000000484  R   0x4               
  GNU_STACK      0x0000000000000000 0x0000000000000000 0x0000000000000000
                 0x0000000000000000 0x0000000000000000  RW  0x10              
  GNU_RELRO      0x000000000001ba78 0x000000000002ba78 0x000000000002ba78
                 0x0000000000000588 0x0000000000000588  R   0x1               

