Section Header : 
[Nr] Name               Type               Address            Offset
     Size               EntSize            Flags  Link  Info  Align
[ 0]                    NULL               0x0000000000000000 0x00000000
     0x0000000000000000 0x0000000000000000          0     0     0
[ 1] .interp            PROGBITS           0x0000000000000238 0x00000238
     0x000000000000001b 0x0000000000000000   A      0     0     1
[ 2] .note.gnu.build-id NOTE               0x0000000000000254 0x00000254
     0x0000000000000024 0x0000000000000000   A      0     0     4
[ 3] .note.ABI-tag      NOTE               0x0000000000000278 0x00000278
     0x0000000000000020 0x0000000000000000   A      0     0     4
[ 4] .hash              HASH               0x0000000000000298 0x00000298
     0x00000000000009d8 0x0000000000000004   A      6     0     8
[ 5] .gnu.hash          GNU_HASH           0x0000000000000c70 0x00000c70
     0x0000000000000620 0x0000000000000000   A      6     0     8
[ 6] .dynsym            DYNSYM             0x0000000000001290 0x00001290
     0x0000000000002238 0x0000000000000018   A      7     3     8
[ 7] .dynstr            STRTAB             0x00000000000034c8 0x000034c8
     0x0000000000003c2c 0x0000000000000000   A      0     0     1
[ 8] .gnu.version       VERSYM             0x00000000000070f4 0x000070f4
     0x00000000000002da 0x0000000000000002   A      6     0     2
[ 9] .gnu.version_r     VERNEED            0x00000000000073d0 0x000073d0
     0x00000000000000f0 0x0000000000000000   A      7     4     8
[10] .rela.dyn          RELA               0x00000000000074c0 0x000074c0
     0x00000000000008b8 0x0000000000000018   A      6     0     8
[11] .rela.plt          RELA               0x0000000000007d78 0x00007d78
     0x0000000000000d20 0x0000000000000018  AI      6    19     8
[12] .init              PROGBITS           0x0000000000008a98 0x00008a98
     0x0000000000000014 0x0000000000000000  AX      0     0     4
[13] .plt               PROGBITS           0x0000000000008ab0 0x00008ab0
     0x00000000000008e0 0x0000000000000010  AX      0     0    10
[14] .text              PROGBITS           0x0000000000009390 0x00009390
     0x000000000000e344 0x0000000000000000  AX      0     0    10
[15] .fini              PROGBITS           0x00000000000176d4 0x000176d4
     0x0000000000000010 0x0000000000000000  AX      0     0     4
[16] .rodata            PROGBITS           0x00000000000176e8 0x000176e8
     0x0000000000000b1f 0x0000000000000000   A      0     0     8
[17] .eh_frame_hdr      PROGBITS           0x0000000000018208 0x00018208
     0x0000000000000484 0x0000000000000000   A      0     0     4
[18] .eh_frame          PROGBITS           0x0000000000018690 0x00018690
     0x0000000000002014 0x0000000000000000   A      0     0     8
[19] .gcc_except_table  PROGBITS           0x000000000001a6a4 0x0001a6a4
     0x000000000000095a 0x0000000000000000   A      0     0     4
[20] .init_array        INIT_ARRAY         0x000000000002ba78 0x0001ba78
     0x0000000000000030 0x0000000000000008  WA      0     0     8
[21] .fini_array        FINI_ARRAY         0x000000000002baa8 0x0001baa8
     0x0000000000000008 0x0000000000000008  WA      0     0     8
[22] .data.rel.ro       PROGBITS           0x000000000002bab0 0x0001bab0
     0x00000000000001e0 0x0000000000000000  WA      0     0     8
[23] .dynamic           DYNAMIC            0x000000000002bc90 0x0001bc90
     0x0000000000000260 0x0000000000000010  WA      7     0     8
[24] .got               PROGBITS           0x000000000002bef0 0x0001bef0
     0x00000000000000f8 0x0000000000000008  WA      0     0     8
[25] .got.plt           PROGBITS           0x000000000002bfe8 0x0001bfe8
     0x0000000000000478 0x0000000000000008  WA      0     0     8
[26] .data              PROGBITS           0x000000000002c460 0x0001c460
     0x0000000000000020 0x0000000000000000  WA      0     0     8
[27] .bss               NOBITS             0x000000000002c480 0x0001c480
     0x0000000000000118 0x0000000000000000  WA      0     0     8
[28] .comment           PROGBITS           0x0000000000000000 0x0001c480
     0x0000000000000056 0x0000000000000001  MS      0     0     1
[29] .GCC.command.line  PROGBITS           0x0000000000000000 0x0001c4d6
     0x0000000000001198 0x0000000000000001  MS      0     0     1
[30] .debug_aranges     PROGBITS           0x0000000000000000 0x0001d670
     0x0000000000000a80 0x0000000000000000          0     0    10
[31] .debug_info        PROGBITS           0x0000000000000000 0x0001e0f0
     0x000000000010e96e 0x0000000000000000          0     0     1
[32] .debug_abbrev      PROGBITS           0x0000000000000000 0x0012ca5e
     0x00000000000092f9 0x0000000000000000          0     0     1
[33] .debug_line        PROGBITS           0x0000000000000000 0x00135d57
     0x0000000000024258 0x0000000000000000          0     0     1
[34] .debug_str         PROGBITS           0x0000000000000000 0x00159faf
     0x000000000004f936 0x0000000000000001  MS      0     0     1
[35] .debug_loc         PROGBITS           0x0000000000000000 0x001a98e5
     0x00000000000b30f0 0x0000000000000000          0     0     1
[36] .debug_ranges      PROGBITS           0x0000000000000000 0x0025c9e0
     0x0000000000032180 0x0000000000000000          0     0    10
[37] .symtab            SYMTAB             0x0000000000000000 0x0028eb60
     0x0000000000003cc0 0x0000000000000018         26   11e     8
[38] .strtab            STRTAB             0x0000000000000000 0x00292820
     0x000000000000455c 0x0000000000000000          0     0     1
[39] .shstrtab          STRTAB             0x0000000000000000 0x00296d7c
     0x000000000000018d 0x0000000000000000          0     0     1

